// Jest Snapshot v1, https://goo.gl/fbAQLP

exports[`ReCaptchaV2 component matches the snapshot 1`] = `<div />`;
